// Jest Snapshot v1, https://goo.gl/fbAQLP

exports[`ButtonToolbar component renders correctly 1`] = `<div role="toolbar" class="vs-btn-toolbar"><button type="button" class="vs-btn vs-btn-default">Default<span class="vs-ripple-pond"><span class="vs-ripple" style="display: none;" enteractiveclass="vs-ripple-rippling"></span></span></button></div>`;
