// Jest Snapshot v1, https://goo.gl/fbAQLP

exports[`Button demo renders appearance demo correctly 1`] = `<div role="toolbar" class="vs-btn-toolbar"><button type="button" class="vs-btn vs-btn-default">Default<span class="vs-ripple-pond"><span class="vs-ripple" style="display: none;" enteractiveclass="vs-ripple-rippling"></span></span></button> <button type="button" class="vs-btn vs-btn-primary">Primary<span class="vs-ripple-pond"><span class="vs-ripple" style="display: none;" enteractiveclass="vs-ripple-rippling"></span></span></button> <button type="button" class="vs-btn vs-btn-link">Link</button> <button type="button" class="vs-btn vs-btn-subtle">Subtle<span class="vs-ripple-pond"><span class="vs-ripple" style="display: none;" enteractiveclass="vs-ripple-rippling"></span></span></button> <button type="button" class="vs-btn vs-btn-ghost">Ghost</button></div>`;

exports[`Button demo renders basic demo correctly 1`] = `<button type="button" class="vs-btn vs-btn-default">Default<span class="vs-ripple-pond"><span class="vs-ripple" style="display: none;" enteractiveclass="vs-ripple-rippling"></span></span></button>`;
