// Jest Snapshot v1, https://goo.gl/fbAQLP

exports[`LoadingBar demo renders basic demo correctly 1`] = `<div role="group" class="vs-btn-group"><button type="button" class="vs-btn vs-btn-default">开始加载<span class="vs-ripple-pond"><span class="vs-ripple" style="display: none;" enteractiveclass="vs-ripple-rippling"></span></span></button><button type="button" class="vs-btn vs-btn-default">加载完毕<span class="vs-ripple-pond"><span class="vs-ripple" style="display: none;" enteractiveclass="vs-ripple-rippling"></span></span></button><button type="button" class="vs-btn vs-btn-default">加载失败<span class="vs-ripple-pond"><span class="vs-ripple" style="display: none;" enteractiveclass="vs-ripple-rippling"></span></span></button></div>`;

exports[`LoadingBar demo renders progress demo correctly 1`] = `<div role="group" class="vs-btn-group"><button type="button" class="vs-btn vs-btn-default">开始加载<span class="vs-ripple-pond"><span class="vs-ripple" style="display: none;" enteractiveclass="vs-ripple-rippling"></span></span></button><button type="button" class="vs-btn vs-btn-default">加载完毕<span class="vs-ripple-pond"><span class="vs-ripple" style="display: none;" enteractiveclass="vs-ripple-rippling"></span></span></button><button type="button" class="vs-btn vs-btn-default">加载失败<span class="vs-ripple-pond"><span class="vs-ripple" style="display: none;" enteractiveclass="vs-ripple-rippling"></span></span></button></div>`;
